%!Adobe-FontList 1.20
%Locale:0x409

%BeginFont
Handler:DirectoryHandler
FontType:Invalid
OutlineFileName:/Users/jack.wall/Desktop/CommunityDay_Style Guide_08_13_19/Document fonts/AdobeFnt21.lst
FileLength:4342
FileModTime:587431491
%EndFont

%BeginFont
Handler:DirectoryHandler
FontType:TrueType
FontName:AmazonEmber-Regular
FamilyName:Amazon Ember
StyleName:Regular
MenuName:Amazon Ember
StyleBits:0
WeightClass:400
WidthClass:5
AngleClass:0
FullName:Amazon Ember
WritingScript:Roman
OutlineFileName:/Users/jack.wall/Desktop/CommunityDay_Style Guide_08_13_19/Document fonts/AmazonEmber_Rg.ttf
DataFormat:sfntData
hasSVG:no
VariableFontType:NonVariableFont
FileLength:106076
FileModTime:541015584
NameArray:0,Mac,18,Amazon Ember
NameArray:0,Mac,4,Amazon Ember
NameArray:0,Win,1,Amazon Ember
NameArray:0,Win,16,Amazon Ember
%EndFont

%BeginFont
Handler:DirectoryHandler
FontType:TrueType
FontName:AmazonEmber-LightItalic
FamilyName:Amazon Ember
StyleName:Light Italic
MenuName:Amazon Ember Light
StyleBits:1
WeightClass:300
WidthClass:5
AngleClass:1
FullName:Amazon Ember Light Italic
WritingScript:Roman
OutlineFileName:/Users/jack.wall/Desktop/CommunityDay_Style Guide_08_13_19/Document fonts/AmazonEmber_LtIt.ttf
DataFormat:sfntData
hasSVG:no
VariableFontType:NonVariableFont
FileLength:104616
FileModTime:541015584
NameArray:0,Mac,18,Amazon Ember Light Italic
NameArray:0,Mac,4,Amazon Ember Light Italic
NameArray:0,Win,1,Amazon Ember Light
NameArray:0,Win,16,Amazon Ember
%EndFont

%BeginFont
Handler:DirectoryHandler
FontType:TrueType
FontName:AmazonEmber-Light
FamilyName:Amazon Ember
StyleName:Light
MenuName:Amazon Ember Light
StyleBits:0
WeightClass:300
WidthClass:5
AngleClass:0
FullName:Amazon Ember Light
WritingScript:Roman
OutlineFileName:/Users/jack.wall/Desktop/CommunityDay_Style Guide_08_13_19/Document fonts/AmazonEmber_Lt.ttf
DataFormat:sfntData
hasSVG:no
VariableFontType:NonVariableFont
FileLength:104104
FileModTime:541015584
NameArray:0,Mac,18,Amazon Ember Light
NameArray:0,Mac,4,Amazon Ember Light
NameArray:0,Win,1,Amazon Ember Light
NameArray:0,Win,16,Amazon Ember
%EndFont

%BeginFont
Handler:DirectoryHandler
FontType:TrueType
FontName:AmazonEmber-Bold
FamilyName:Amazon Ember
StyleName:Bold
MenuName:Amazon Ember
StyleBits:2
WeightClass:700
WidthClass:5
AngleClass:0
FullName:Amazon Ember Bold
WritingScript:Roman
OutlineFileName:/Users/jack.wall/Desktop/CommunityDay_Style Guide_08_13_19/Document fonts/AmazonEmber_Bd.ttf
DataFormat:sfntData
hasSVG:no
VariableFontType:NonVariableFont
FileLength:103744
FileModTime:541015584
NameArray:0,Mac,18,Amazon Ember Bold
NameArray:0,Mac,4,Amazon Ember Bold
NameArray:0,Win,1,Amazon Ember
NameArray:0,Win,16,Amazon Ember
%EndFont

%BeginFont
Handler:DirectoryHandler
FontType:Type1
FontName:MinionPro-Regular
FamilyName:Minion Pro
StyleName:Regular
MenuName:Minion Pro
StyleBits:0
WeightClass:400
WidthClass:5
AngleClass:0
FullName:Minion Pro
WritingScript:Roman
OutlineFileName:/Users/jack.wall/Desktop/CommunityDay_Style Guide_08_13_19/Document fonts/MinionPro-Regular.otf
DataFormat:sfntData
UsesStandardEncoding:yes
isCFF:yes
hasSVG:no
VariableFontType:NonVariableFont
FileLength:218640
FileModTime:541015586
DesignSize:110
NameArray:0,Mac,4,Minion Pro
NameArray:0,Win,1,Minion Pro
%EndFont

%BeginFont
Handler:DirectoryHandler
FontType:TrueType
FontName:AmazonEmberCdRC-Bold
FamilyName:Amazon Ember Cd RC
StyleName:Bold
MenuName:Amazon Ember Cd RC
StyleBits:2
WeightClass:700
WidthClass:3
AngleClass:0
FullName:Amazon Ember Cd RC Bold
WritingScript:Roman
OutlineFileName:/Users/jack.wall/Desktop/CommunityDay_Style Guide_08_13_19/Document fonts/AmazonEmberCdRC_Bd.ttf
DataFormat:sfntData
hasSVG:no
VariableFontType:NonVariableFont
FileLength:104048
FileModTime:541015586
NameArray:0,Mac,18,Amazon Ember Cd RC Bold
NameArray:0,Mac,4,Amazon Ember Cd RC Bold
NameArray:0,Win,1,Amazon Ember Cd RC
NameArray:0,Win,16,Amazon Ember Cd RC
%EndFont

%BeginFont
Handler:DirectoryHandler
FontType:TrueType
FontName:AmazonEmber-Medium
FamilyName:Amazon Ember
StyleName:Medium
MenuName:Amazon Ember Medium
StyleBits:0
WeightClass:500
WidthClass:5
AngleClass:0
FullName:Amazon Ember Medium
WritingScript:Roman
OutlineFileName:/Users/jack.wall/Desktop/CommunityDay_Style Guide_08_13_19/Document fonts/Amazon-Ember-Medium.ttf
DataFormat:sfntData
hasSVG:no
VariableFontType:NonVariableFont
FileLength:162892
FileModTime:541015582
NameArray:0,Mac,18,Amazon Ember Medium
NameArray:0,Mac,4,Amazon Ember Medium
NameArray:0,Win,1,Amazon Ember Medium
NameArray:0,Win,16,Amazon Ember
%EndFont

